id,required,filename
1,yes,file.txt
2,yes,file.txt
3,yes,file.txt
4,yes,file.txt
5,yes,file.txt
6,yes,file.txt
7,yes,file.txt
8,yes,file.txt
9,yes,file.txt
10,yes,file.txt
11,yes,file.txt
12,yes,file.txt
13,yes,file.txt
14,yes,file1.txt
14,yes,file2.txt
15,yes,file.txt
16,yes,file.txt
17,yes,file.txt
18,yes,file.txt
19,yes,file.txt
20,yes,file.txt
21,yes,file.txt
22,yes,file.txt
23,yes,file.txt
24,yes,file.txt
25,yes,file.txt
26,yes,file.txt
27,yes,file1.txt
27,yes,file2.txt
28,yes,file1.txt
28,yes,file2.txt
29,yes,file1.txt
29,yes,file2.txt
30,yes,file.txt
31,yes,file.list
32,yes,file.txt
33,yes,file.txt
34,yes,file.txt
35,yes,file.txt