id,required,filename
1,yes,cat
2,yes,head
3,yes,tail
4,yes,less
5,yes,wc
6,yes,od
7,yes,grep
8,yes,sed
9,yes,cut
10,yes,tr
11,yes,sort
12,yes,uniq
13,yes,file
14,yes,diff
15,yes,tail
16,yes,tail
17,yes,head
18,yes,cat
19,yes,strings
20,yes,hexdump
21,yes,xxd
22,yes,fold
23,yes,expand
24,yes,unexpand
25,yes,tr
26,yes,col
27,yes,paste
28,yes,join
29,yes,comm
30,yes,grep
31,yes,xargs
32,yes,sed
33,yes,tr
34,yes,nl
35,yes,more