id,required,filename
1,yes,script.sh
2,yes,bash
3,yes,python
4,yes,ruby
5,yes,node
6,yes,java
7,no,
8,no,
9,yes,file.sh
10,yes,fish
11,yes,perl
12,yes,php
13,yes,bash
14,yes,zsh
15,yes,script
16,yes,bash
17,yes,python
18,yes,ruby
19,yes,node
20,yes,java
21,no,
22,no,
23,yes,file.sh
24,yes,fish
25,yes,perl
26,yes,php
27,yes,sh
28,yes,zsh
29,yes,xdg-open
30,yes,file.sh
31,yes,bash
32,yes,python
33,yes,ruby
34,yes,node
35,yes,java
36,yes,file.sh